[     431ms] [WARNING] cdn.tailwindcss.com should not be used in production. To use Tailwind CSS in production, install it as a PostCSS plugin or use the Tailwind CLI: https://tailwindcss.com/docs/installation @ https://cdn.tailwindcss.com/:63
[    1632ms] [ERROR] Failed to load resource: the server responded with a status of 404 (File not found) @ http://localhost:8888/favicon.ico:0
[    9614ms] Uncaught TypeError: Cannot set properties of undefined (setting 'fullSize')
    at configure (https://cdn.jsdelivr.net/npm/chart.js:12:40670)
    at beforeUpdate (https://cdn.jsdelivr.net/npm/chart.js:12:184225)
    at d (https://cdn.jsdelivr.net/npm/chart.js:6:1112)
    at _notify (https://cdn.jsdelivr.net/npm/chart.js:12:84059)
    at notify (https://cdn.jsdelivr.net/npm/chart.js:12:83862)
    at notifyPlugins (https://cdn.jsdelivr.net/npm/chart.js:12:102479)
    at update (https://cdn.jsdelivr.net/npm/chart.js:12:95268)
    at updateChart (http://localhost:8888/index.html:1001:43)
    at $watch.deep (http://localhost:8888/index.html:824:29)
    at <anonymous> (https://cdn.jsdelivr.net/npm/alpinejs@3.x.x/dist/cdn.min.js:0:1674)
[   12291ms] Uncaught TypeError: Cannot set properties of undefined (setting 'fullSize')
    at configure (https://cdn.jsdelivr.net/npm/chart.js:12:40670)
    at beforeUpdate (https://cdn.jsdelivr.net/npm/chart.js:12:184225)
    at d (https://cdn.jsdelivr.net/npm/chart.js:6:1112)
    at _notify (https://cdn.jsdelivr.net/npm/chart.js:12:84059)
    at notify (https://cdn.jsdelivr.net/npm/chart.js:12:83862)
    at notifyPlugins (https://cdn.jsdelivr.net/npm/chart.js:12:102479)
    at update (https://cdn.jsdelivr.net/npm/chart.js:12:95268)
    at updateChart (http://localhost:8888/index.html:1001:43)
    at $watch.deep (http://localhost:8888/index.html:824:29)
    at <anonymous> (https://cdn.jsdelivr.net/npm/alpinejs@3.x.x/dist/cdn.min.js:0:1674)
[   18578ms] Uncaught TypeError: Cannot set properties of undefined (setting 'fullSize')
    at configure (https://cdn.jsdelivr.net/npm/chart.js:12:40670)
    at beforeUpdate (https://cdn.jsdelivr.net/npm/chart.js:12:184225)
    at d (https://cdn.jsdelivr.net/npm/chart.js:6:1112)
    at _notify (https://cdn.jsdelivr.net/npm/chart.js:12:84059)
    at notify (https://cdn.jsdelivr.net/npm/chart.js:12:83862)
    at notifyPlugins (https://cdn.jsdelivr.net/npm/chart.js:12:102479)
    at update (https://cdn.jsdelivr.net/npm/chart.js:12:95268)
    at updateChart (http://localhost:8888/index.html:1001:43)
    at $watch.deep (http://localhost:8888/index.html:824:29)
    at <anonymous> (https://cdn.jsdelivr.net/npm/alpinejs@3.x.x/dist/cdn.min.js:0:1674)
[   19838ms] Uncaught TypeError: Cannot set properties of undefined (setting 'fullSize')
    at configure (https://cdn.jsdelivr.net/npm/chart.js:12:40670)
    at beforeUpdate (https://cdn.jsdelivr.net/npm/chart.js:12:184225)
    at d (https://cdn.jsdelivr.net/npm/chart.js:6:1112)
    at _notify (https://cdn.jsdelivr.net/npm/chart.js:12:84059)
    at notify (https://cdn.jsdelivr.net/npm/chart.js:12:83862)
    at notifyPlugins (https://cdn.jsdelivr.net/npm/chart.js:12:102479)
    at update (https://cdn.jsdelivr.net/npm/chart.js:12:95268)
    at updateChart (http://localhost:8888/index.html:1001:43)
    at $watch.deep (http://localhost:8888/index.html:824:29)
    at <anonymous> (https://cdn.jsdelivr.net/npm/alpinejs@3.x.x/dist/cdn.min.js:0:1674)
[   21299ms] Uncaught TypeError: Cannot set properties of undefined (setting 'fullSize')
    at configure (https://cdn.jsdelivr.net/npm/chart.js:12:40670)
    at beforeUpdate (https://cdn.jsdelivr.net/npm/chart.js:12:184225)
    at d (https://cdn.jsdelivr.net/npm/chart.js:6:1112)
    at _notify (https://cdn.jsdelivr.net/npm/chart.js:12:84059)
    at notify (https://cdn.jsdelivr.net/npm/chart.js:12:83862)
    at notifyPlugins (https://cdn.jsdelivr.net/npm/chart.js:12:102479)
    at update (https://cdn.jsdelivr.net/npm/chart.js:12:95268)
    at updateChart (http://localhost:8888/index.html:1001:43)
    at $watch.deep (http://localhost:8888/index.html:824:29)
    at <anonymous> (https://cdn.jsdelivr.net/npm/alpinejs@3.x.x/dist/cdn.min.js:0:1674)
[   33553ms] Uncaught TypeError: Cannot set properties of undefined (setting 'fullSize')
    at configure (https://cdn.jsdelivr.net/npm/chart.js:12:40670)
    at beforeUpdate (https://cdn.jsdelivr.net/npm/chart.js:12:184225)
    at d (https://cdn.jsdelivr.net/npm/chart.js:6:1112)
    at _notify (https://cdn.jsdelivr.net/npm/chart.js:12:84059)
    at notify (https://cdn.jsdelivr.net/npm/chart.js:12:83862)
    at notifyPlugins (https://cdn.jsdelivr.net/npm/chart.js:12:102479)
    at update (https://cdn.jsdelivr.net/npm/chart.js:12:95268)
    at updateChart (http://localhost:8888/index.html:1001:43)
    at $watch.deep (http://localhost:8888/index.html:824:29)
    at <anonymous> (https://cdn.jsdelivr.net/npm/alpinejs@3.x.x/dist/cdn.min.js:0:1674)
